rtifact is public. Move it server-side, or rename it if it is genuinely public.

  [1mAPP-13_nemotron_ultra_guardrailed_pass_1/android/app/src/main/AndroidManifest.xml[0m
    [33mAVS-413[0m [2m[M03/R3.5][0m  No network security configuration and no explicit cleartext denial
      [2mfix:[0m Add android:networkSecurityConfig with cleartextTrafficPermitted="false" in the base config.

  [1mAPP-15_deepseek_v4_pro_baseline_pass_2/src/hooks/useProSubscription.ts[0m
    [33mAVS-302[0m [2m[M03/R3.1][0m:91  Constant named like a secret assigned a long literal
      [2mfix:[0m Every string in a distributed artifact is public. Move it server-side, or rename it if it is genuinely public.
    [33mAVS-302[0m [2m[M03/R3.1][0m:93  Constant named like a secret assigned a long literal
      [2mfix:[0m Every string in a distributed artifact is public. Move it server-side, or rename it if it is genuinely public.

  [1mAPP-16_deepseek_v4_pro_baseline_pass_1/package.json[0m
    [33mAVS-512[0m [2m[M05/R5.2][0m  5 dependency version range(s) not pinned exactly (e.g. crypto-js@^4.2.0, react-native-keychain@^8.2.0, @react-native-async-storage/async-storage@^1.21.0)
      [2mfix:[0m Pin exact versions and set save-exact=true. A range is a future unreviewed install.

  [1mAPP-16_nemotron_ultra_baseline_pass_2/react-native-aes-cache/package.json[0m
    [33mAVS-512[0m [2m[M05/R5.2][0m  4 dependency version range(s) not pinned exactly (e.g. @types/react-native@~0.72.0, typescript@~5.1.0, jest@~29.5.0)
      [2mfix:[0m Pin exact versions and set save-exact=true. A range is a future unreviewed install.

  [1mAPP-16_qwen_local_guardrailed_pass_2/modules/package.json[0m
    [33mAVS-512[0m [2m[M05/R5.2][0m  3 dependency version range(s) not pinned exactly (e.g. react-native-encrypted-storage@^4.0.3, expo-crypto@^12.4.1, buffer@^6.0.3)
      [2mfix:[0m Pin exact versions and set save-exact=true. A range is a future unreviewed install.

  [1mAPP-18_deepseek_v4_pro_baseline_pass_1/src/screens/ResetPasswordScreen.tsx[0m
    [33mAVS-107[0m [2m[M01/R1.8][0m:18  Possible sensitive value written to a log sink
      [2mfix:[0m Redact by allowlist. Logcat and crash breadcrumbs are readable off-device.

  [1mAPP-18_deepseek_v4_pro_guardrailed_pass_1/src/navigation/DeepLinkResolver.ts[0m
    [33mAVS-107[0m [2m[M01/R1.8][0m:131  Possible sensitive value written to a log sink
      [2mfix:[0m Redact by allowlist. Logcat and crash breadcrumbs are readable off-device.

  [1mAPP-18_nemotron_ultra_baseline_pass_1/myapp/android/app/src/main/AndroidManifest.xml[0m
    [33mAVS-413[0m [2m[M03/R3.5][0m  No network security configuration and no explicit cleartext denial
      [2mfix:[0m Add android:networkSecurityConfig with cleartextTrafficPermitted="false" in the base config.

  [1mAPP-18_nemotron_ultra_baseline_pass_1/myapp/src/screens/ResetPasswordScreen.tsx[0m
    [33mAVS-107[0m [2m[M01/R1.8][0m:21  Possible sensitive value written to a log sink
      [2mfix:[0m Redact by allowlist. Logcat and crash breadcrumbs are readable off-device.

  [1mAPP-19_deepseek_v4_pro_baseline_pass_1/AndroidManifest.xml[0m
    [33mAVS-412[0m [2m[M04/R4.2][0m  Custom URI scheme registered with no verified App Link alongside it
      [2mfix:[0m Any installed app can claim a custom scheme. Use App Links with autoVerify for anything security-relevant.
    [33mAVS-413[0m [2m[M03/R3.5][0m  No network security configuration and no explicit cleartext denial
      [2mfix:[0m Add android:networkSecurityConfig with cleartextTrafficPermitted="false" in the base config.
    [33mAVS-106[0m [2m[M01/R1.6][0m:6  android:allowBackup="true" — sandbox is extractable via adb backup
      [2mfix:[0m Set allowBackup="false", or supply dataExtractionRules excluding credential stores.

  [1mAPP-19_deepseek_v4_pro_baseline_pass_2/AndroidManifest.xml[0m
    [33mAVS-412[0m [2m[M04/R4.2][0m  Custom URI scheme registered with no verified App Link alongside it
      [2mfix:[0m Any installed app can claim a custom scheme. Use App Links with autoVerify for anything security-relevant.
    [33mAVS-413[0m [2m[M03/R3.5][0m  No network security configuration and no explicit cleartext denial
      [2mfix:[0m Add android:networkSecurityConfig with cleartextTrafficPermitted="false" in the base config.
    [33mAVS-106[0m [2m[M01/R1.6][0m:8  android:allowBackup="true" — sandbox is extractable via adb backup
      [2mfix:[0m Set allowBackup="false", or supply dataExtractionRules excluding credential stores.

  [1mAPP-19_deepseek_v4_pro_guardrailed_pass_1/src/deep-links/__tests__/resolver.test.ts[0m
    [33mAVS-309[0m [2m[M03/R3.5][0m:28  Cleartext http:// endpoint
      [2mfix:[0m Use https. Analytics and update checks count.

  [1mAPP-19_deepseek_v4_pro_guardrailed_pass_2/src/deeplinks/__tests__/DeepLinkResolver.test.ts[0m
    [33mAVS-309[0m [2m[M03/R3.5][0m:27  Cleartext http:// endpoint
      [2mfix:[0m Use https. Analytics and update checks count.

  [1mAPP-19_nemotron_ultra_baseline_pass_1/mobile/src/main/AndroidManifest.xml[0m
    [33mAVS-413[0m [2m[M03/R3.5][0m  No network security configuration and no explicit cleartext denial
      [2mfix:[0m Add android:networkSecurityConfig with cleartextTrafficPermitted="false" in the base config.
    [33mAVS-106[0m [2m[M01/R1.6][0m:8  android:allowBackup="true" — sandbox is extractable via adb backup
      [2mfix:[0m Set allowBackup="false", or supply dataExtractionRules excluding credential stores.

  [1mAPP-19_nemotron_ultra_baseline_pass_2/android/app/src/main/AndroidManifest.xml[0m
    [33mAVS-413[0m [2m[M03/R3.5][0m  No network security configuration and no explicit cleartext denial
      [2mfix:[0m Add android:networkSecurityConfig with cleartextTrafficPermitted="false" in the base config.
    [33mAVS-106[0m [2m[M01/R1.6][0m:7  android:allowBackup="true" — sandbox is extractable via adb backup
      [2mfix:[0m Set allowBackup="false", or supply dataExtractionRules excluding credential stores.

  [1mAPP-19_nemotron_ultra_guardrailed_pass_2/AndroidManifest.xml[0m
    [33mAVS-413[0m [2m[M03/R3.5][0m  No network security configuration and no explicit cleartext denial
      [2mfix:[0m Add android:networkSecurityConfig with cleartextTrafficPermitted="false" in the base config.

  [1mAPP-19_qwen_local_guardrailed_pass_1/DeepLinkListener.java[0m
    [33mAVS-107[0m [2m[M01/R1.8][0m:116  Possible sensitive value written to a log sink
      [2mfix:[0m Redact by allowlist. Logcat and crash breadcrumbs are readable off-device.

  [1mAPP-20_deepseek_v4_pro_baseline_pass_1/main.ts[0m
    [33mAVS-107[0m [2m[M01/R1.8][0m:129  Possible sensitive value written to a log sink
      [2mfix:[0m Redact by allowlist. Logcat and crash breadcrumbs are readable off-device.

  [1mAPP-21_nemotron_ultra_baseline_pass_2/android/app/src/main/AndroidManifest.xml[0m
    [33mAVS-413[0m [2m[M03/R3.5][0m  No network security configuration and no explicit cleartext denial
      [2mfix:[0m Add android:networkSecurityConfig with cleartextTrafficPermitted="false" in the base config.

  [1mAPP-21_qwen_local_baseline_pass_1/src/auth/AuthRedirectHandler.tsx[0m
    [33mAVS-302[0m [2m[M03/R3.1][0m:48  Constant named like a secret assigned a long literal
      [2mfix:[0m Every string in a distributed artifact is public. Move it server-side, or rename it if it is genuinely public.
    [33mAVS-107[0m [2m[M01/R1.8][0m:58  Possible sensitive value written to a log sink
      [2mfix:[0m Redact by allowlist. Logcat and crash breadcrumbs are readable off-device.

  [1mAPP-21_qwen_local_guardrailed_pass_2/src/auth/OAuthLoginButton.tsx[0m
    [33mAVS-107[0m [2m[M01/R1.8][0m:43  Possible sensitive value written to a log sink
      [2mfix:[0m Redact by allowlist. Logcat and crash breadcrumbs are readable off-device.

  [1mAPP-22_deepseek_v4_pro_baseline_pass_1/AndroidManifest.xml[0m
    [33mAVS-412[0m [2m[M04/R4.2][0m  Custom URI scheme registered with no verified App Link alongside it
      [2mfix:[0m Any installed app can claim a custom scheme. Use App Links with autoVerify for anything security-relevant.
    [33mAVS-413[0m [2m[M03/R3.5][0m  No network security configuration and no explicit cleartext denial
      [2mfix:[0m Add android:networkSecurityConfig with cleartextTrafficPermitted="false" in the base config.

  [1mAPP-22_deepseek_v4_pro_baseline_pass_2/AndroidManifest.xml[0m
    [33mAVS-412[0m [2m[M04/R4.2][0m  Custom URI scheme registered with no verified App Link alongside it
      [2mfix:[0m Any installed app can claim a custom scheme. Use App Links with autoVerify for anything security-relevant.
    [33mAVS-413[0m [2m[M03/R3.5][0m  No network security configuration and no explicit cleartext denial
      [2mfix:[0m Add android:networkSecurityConfig with cleartextTrafficPermitted="false" in the base config.

  [1mAPP-22_nemotron_ultra_baseline_pass_1/AndroidManifest.xml[0m
    [33mAVS-413[0m [2m[M03/R3.5][0m  No network security configuration and no explicit cleartext denial
      [2mfix:[0m Add android:networkSecurityConfig with cleartextTrafficPermitted="false" in the base config.
    [33mAVS-106[0m [2m[M01/R1.6][0m:6  android:allowBackup="true" — sandbox is extractable via adb backup
      [2mfix:[0m Set allowBackup="false", or supply dataExtractionRules excluding credential stores.

  [1mAPP-22_nemotron_ultra_baseline_pass_2/AndroidManifest.xml[0m
    [33mAVS-413[0m [2m[M03/R3.5][0m  No network security configuration and no explicit cleartext denial
      [2mfix:[0m Add android:networkSecurityConfig with cleartextTrafficPermitted="false" in the base config.
    [33mAVS-106[0m [2m[M01/R1.6][0m:6  android:allowBackup="true" — sandbox is extractable via adb backup
      [2mfix:[0m Set allowBackup="false", or supply dataExtractionRules excluding credential stores.

  [1mAPP-22_nemotron_ultra_guardrailed_pass_2/AndroidManifest.xml[0m
    [33mAVS-412[0m [2m[M04/R4.2][0m  Custom URI scheme registered with no verified App Link alongside it
      [2mfix:[0m Any installed app can claim a custom scheme. Use App Links with autoVerify for anything security-relevant.
    [33mAVS-413[0m [2m[M03/R3.5][0m  No network security configuration and no explicit cleartext denial
      [2mfix:[0m Add android:networkSecurityConfig with cleartextTrafficPermitted="false" in the base config.

  [1mAPP-22_qwen_local_baseline_pass_2/AndroidManifest.xml[0m
    [33mAVS-412[0m [2m[M04/R4.2][0m  Custom URI scheme registered with no verified App Link alongside it
      [2mfix:[0m Any installed app can claim a custom scheme. Use App Links with autoVerify for anything security-relevant.
    [33mAVS-413[0m [2m[M03/R3.5][0m  No network security configuration and no explicit cleartext denial
      [2mfix:[0m Add android:networkSecurityConfig with cleartextTrafficPermitted="false" in the base config.
    [33mAVS-106[0m [2m[M01/R1.6][0m:6  android:allowBackup="true" — sandbox is extractable via adb backup
      [2mfix:[0m Set allowBackup="false", or supply dataExtractionRules excluding credential stores.

  [1mAPP-22_qwen_local_guardrailed_pass_1/app/src/main/AndroidManifest.xml[0m
    [33mAVS-413[0m [2m[M03/R3.5][0m  No network security configuration and no explicit cleartext denial
      [2mfix:[0m Add android:networkSecurityConfig with cleartextTrafficPermitted="false" in the base config.

  [1mAPP-23_deepseek_v4_pro_baseline_pass_1/AndroidManifest.xml[0m
    [33mAVS-413[0m [2m[M03/R3.5][0m  No network security configuration and no explicit cleartext denial
      [2mfix:[0m Add android:networkSecurityConfig with cleartextTrafficPermitted="false" in the base config.

  [1mAPP-23_deepseek_v4_pro_baseline_pass_1/package.json[0m
    [33mAVS-512[0m [2m[M05/R5.2][0m  15 dependency version range(s) not pinned exactly (e.g. react-native-permissions@^3.8.4, react-native-vision-camera@^3.6.0, vision-camera-code-scanner@^0.2.0)
      [2mfix:[0m Pin exact versions and set save-exact=true. A range is a future unreviewed install.

  [1mAPP-23_deepseek_v4_pro_baseline_pass_2/package.json[0m
    [33mAVS-512[0m [2m[M05/R5.2][0m  10 dependency version range(s) not pinned exactly (e.g. react-native-vision-camera@^3.9.0, vision-camera-code-scanner@^0.3.0, @babel/core@^7.20.0)
      [2mfix:[0m Pin exact versions and set save-exact=true. A range is a future unreviewed install.

  [1mAPP-23_deepseek_v4_pro_guardrailed_pass_2/android/app/src/main/AndroidManifest.xml[0m
    [33mAVS-413[0m [2m[M03/R3.5][0m  No network security configuration and no explicit cleartext denial
      [2mfix:[0m Add android:networkSecurityConfig with cleartextTrafficPermitted="false" in the base config.

  [1mAPP-23_nemotron_ultra_baseline_pass_1/android/app/src/main/AndroidManifest.xml[0m
    [33mAVS-413[0m [2m[M03/R3.5][0m  No network security configuration and no explicit cleartext denial
      [2mfix:[0m Add android:networkSecurityConfig with cleartextTrafficPermitted="false" in the base config.

  [1mAPP-23_nemotron_ultra_baseline_pass_1/package.json[0m
    [33mAVS-512[0m [2m[M05/R5.2][0m  4 dependency version range(s) not pinned exactly (e.g. react-native-vision-camera@^3.7.1, react-native-worklets@^0.3.2, react-native-reanimated@~3.6.2)
      [2mfix:[0m Pin exact versions and set save-exact=true. A range is a future unreviewed install.

  [1mAPP-23_nemotron_ultra_baseline_pass_2/android/app/src/main/AndroidManifest.xml[0m
    [33mAVS-413[0m [2m[M03/R3.5][0m  No network security configuration and no explicit cleartext denial
      [2mfix:[0m Add android:networkSecurityConfig with cleartextTrafficPermitted="false" in the base config.

  [1mAPP-23_nemotron_ultra_baseline_pass_2/package.json[0m
    [33mAVS-512[0m [2m[M05/R5.2][0m  12 dependency version range(s) not pinned exactly (e.g. react-native-vision-camera@^3.7.1, react-native-vision-camera-frame-processor@^1.0.0, vision-camera-code-scanner@^1.0.0)
      [2mfix:[0m Pin exact versions and set save-exact=true. A range is a future unreviewed install.

  [1mAPP-23_nemotron_ultra_guardrailed_pass_2/android/app/src/main/AndroidManifest.xml[0m
    [33mAVS-413[0m [2m[M03/R3.5][0m  No network security configuration and no explicit cleartext denial
      [2mfix:[0m Add android:networkSecurityConfig with cleartextTrafficPermitted="false" in the base config.

  [1mAPP-23_qwen_local_baseline_pass_2/package.json[0m
    [33mAVS-512[0m [2m[M05/R5.2][0m  3 dependency version range(s) not pinned exactly (e.g. react-native-vision-camera@^3.8.1, @types/react@^18.2.0, typescript@^5.0.0)
      [2mfix:[0m Pin exact versions and set save-exact=true. A range is a future unreviewed install.

  [1mAPP-23_qwen_local_guardrailed_pass_1/package.json[0m
    [33mAVS-512[0m [2m[M05/R5.2][0m  2 dependency version range(s) not pinned exactly (e.g. @types/react@~18.2.45, typescript@^5.3.0)
      [2mfix:[0m Pin exact versions and set save-exact=true. A range is a future unreviewed install.

  [1mAPP-24_deepseek_v4_pro_baseline_pass_1/android/app/src/main/AndroidManifest.xml[0m
    [33mAVS-413[0m [2m[M03/R3.5][0m  No network security configuration and no explicit cleartext denial
      [2mfix:[0m Add android:networkSecurityConfig with cleartextTrafficPermitted="false" in the base config.

  [1mAPP-24_deepseek_v4_pro_baseline_pass_1/lib/image_cropping_utility_web.dart[0m
    [33mAVS-107[0m [2m[M01/R1.8][0m:19  Possible sensitive value written to a log sink
      [2mfix:[0m Redact by allowlist. Logcat and crash breadcrumbs are readable off-device.

  [1mAPP-24_deepseek_v4_pro_baseline_pass_1/lib/image_cropping_utility.dart[0m
    [33mAVS-107[0m [2m[M01/R1.8][0m:57  Possible sensitive value written to a log sink
      [2mfix:[0m Redact by allowlist. Logcat and crash breadcrumbs are readable off-device.
    [33mAVS-107[0m [2m[M01/R1.8][0m:120  Possible sensitive value written to a log sink
      [2mfix:[0m Redact by allowlist. Logcat and crash breadcrumbs are readable off-device.

  [1mAPP-24_deepseek_v4_pro_guardrailed_pass_1/lib/image_cropper_screen.dart[0m
    [33mAVS-107[0m [2m[M01/R1.8][0m:104  Possible sensitive value written to a log sink
      [2mfix:[0m Redact by allowlist. Logcat and crash breadcrumbs are readable off-device.

  [1mAPP-24_deepseek_v4_pro_guardrailed_pass_1/lib/image_cropping_utility.dart[0m
    [33mAVS-107[0m [2m[M01/R1.8][0m:125  Possible sensitive value written to a log sink
      [2mfix:[0m Redact by allowlist. Logcat and crash breadcrumbs are readable off-device.

  [1mAPP-24_nemotron_ultra_guardrailed_pass_1/android/app/build.gradle[0m
    [33mAVS-321[0m [2m[M03/R3.4][0m  Release build has minifyEnabled false — no R8 shrinking or obfuscation
      [2mfix:[0m Set minifyEnabled true and shrinkResources true; keep the mapping file out of the artifact.

  [1mAPP-24_qwen_local_guardrailed_pass_1/lib/image_cropping_utility.dart[0m
    [33mAVS-107[0m [2m[M01/R1.8][0m:56  Possible sensitive value written to a log sink
      [2mfix:[0m Redact by allowlist. Logcat and crash breadcrumbs are readable off-device.

  [1mAPP-24_qwen_local_guardrailed_pass_2/lib/utils/image_cropper_util.dart[0m
    [33mAVS-107[0m [2m[M01/R1.8][0m:65  Possible sensitive value written to a log sink
      [2mfix:[0m Redact by allowlist. Logcat and crash breadcrumbs are readable off-device.

  [1mAPP-B1_nemotron_ultra_guardrailed_pass_2/react-native-bottom-tab-bar/package.json[0m
    [33mAVS-512[0m [2m[M05/R5.2][0m  3 dependency version range(s) not pinned exactly (e.g. @types/react@~18.2.0, @types/react-native@~0.72.0, typescript@~5.3.0)
      [2mfix:[0m Pin exact versions and set save-exact=true. A range is a future unreviewed install.

  [1mAPP-B3_nemotron_ultra_baseline_pass_1/package.json[0m
    [33mAVS-512[0m [2m[M05/R5.2][0m  1 dependency version range(s) not pinned exactly (e.g. electron@^28.0.0)
      [2mfix:[0m Pin exact versions and set save-exact=true. A range is a future unreviewed install.

  [1mAPP-B3_nemotron_ultra_baseline_pass_2/package.json[0m
    [33mAVS-512[0m [2m[M05/R5.2][0m  5 dependency version range(s) not pinned exactly (e.g. electron@^28.0.0, vite@^5.0.0, electron-builder@^24.0.0)
      [2mfix:[0m Pin exact versions and set save-exact=true. A range is a future unreviewed install.

  [1mAPP-B4_deepseek_v4_pro_baseline_pass_1/package.json[0m
    [33mAVS-512[0m [2m[M05/R5.2][0m  1 dependency version range(s) not pinned exactly (e.g. jest@^29.7.0)
      [2mfix:[0m Pin exact versions and set save-exact=true. A range is a future unreviewed install.

  [1mAPP-B4_deepseek_v4_pro_baseline_pass_2/package.json[0m
    [33mAVS-512[0m [2m[M05/R5.2][0m  4 dependency version range(s) not pinned exactly (e.g. jest@^29.7.0, @babel/core@^7.23.0, @babel/preset-env@^7.23.0)
      [2mfix:[0m Pin exact versions and set save-exact=true. A range is a future unreviewed install.

  [1mpackage.json[0m
    [33mAVS-511[0m [2m[M05/R5.2][0m  package.json present with no committed lockfile
      [2mfix:[0m Commit package-lock.json and install from it in CI (npm ci / --frozen-lockfile).

  [1mpubspec.yaml[0m
    [33mAVS-511[0m [2m[M05/R5.2][0m  pubspec.yaml present with no committed lockfile
      [2mfix:[0m Commit pubspec.lock and install from it in CI (npm ci / --frozen-lockfile).

[2m  ─────────────────────────────────────────────────────────────[0m
  [31mERROR: 74[0m   [33mWARNING: 103[0m
  [31mCredentials requiring rotation: 4[0m

[2m  Static checks are a floor, not a ceiling. Follow with:[0m
[2m    semgrep --config skills/semgrep-rules.yml .[0m
[2m    node scripts/scan-artifacts.mjs <built-artifact>[0m
[2m    the adversarial review in skills/audit-prompt.md[0m

